// Vitest Snapshot v1, https://vitest.dev/guide/snapshot.html

exports[`PresentationSection component > should match snapshot 1`] = `
<DocumentFragment>
  <section
    class="_presentation_section_e38c7f"
  >
    <h1
      class="_presentation_section__title_e38c7f"
      data-testid="presentation-title"
    >
      explore o universo
    </h1>
    <p
      class="_presentation_section__description_e38c7f"
      data-testid="presentation-description"
    >
      Mergulhe no domínio deslumbrante de todos os personagens clássicos que você ama - e aqueles que você descobrirá em breve!
    </p>
  </section>
</DocumentFragment>
`;
